// Jest Snapshot v1, https://goo.gl/fbAQLP

exports[`App component snapshot test 1`] = `
<div>
  <div
    class="App"
  >
    <div
      class="MuiBox-root css-6ga7a9-ColorTabs"
    >
      <div
        class="MuiTabs-root css-1ujnqem-MuiTabs-root"
      >
        <div
          class="MuiTabs-scroller MuiTabs-fixed css-jpln7h-MuiTabs-scroller"
          style="overflow: hidden; margin-bottom: 0px;"
        >
          <div
            aria-label="primary tabs example"
            class="MuiTabs-flexContainer css-heg063-MuiTabs-flexContainer"
            role="tablist"
          >
            <a
              aria-current="page"
              aria-selected="true"
              class="MuiButtonBase-root MuiTab-root MuiTab-textColorPrimary Mui-selected css-k9gjoh-MuiButtonBase-root-MuiTab-root active"
              href="#/"
              role="tab"
              tabindex="0"
            >
              Home
              <span
                class="MuiTouchRipple-root css-8je8zh-MuiTouchRipple-root"
              />
            </a>
            <a
              aria-selected="false"
              class="MuiButtonBase-root MuiTab-root MuiTab-textColorPrimary css-k9gjoh-MuiButtonBase-root-MuiTab-root"
              href="#/best-times"
              role="tab"
              tabindex="-1"
            >
              Best Times
              <span
                class="MuiTouchRipple-root css-8je8zh-MuiTouchRipple-root"
              />
            </a>
          </div>
          <span
            class="MuiTabs-indicator css-hioh9d-MuiTabs-indicator"
            style="left: 0px; width: 0px;"
          />
        </div>
      </div>
      <h1
        class="css-1rux908-ColorTabs"
      >
        Where's Waldo?
      </h1>
    </div>
    <div
      class="Home css-3ln04g-Home"
    >
      <p
        class="css-14o6217-Home"
      >
        Choose a puzzle to get started!
      </p>
      <a
        class="css-10dzrpy-Home"
        href="#/puzzles/waldo1"
      >
        <img
          alt="waldo1"
          class="puzzle-img css-e4yxh9-Home"
          loading="lazy"
          src="waldo1.jpg"
        />
        <div
          class="css-1b3wpv8-Home"
        >
          <p>
            Level 
            1
          </p>
          <div
            class="css-bshjkg-Home"
          >
            <img
              class="css-1cjt916-Home"
              src="waldo.jpg"
            />
            <img
              class="css-1cjt916-Home"
              src="wizard.jpg"
            />
            <img
              class="css-1cjt916-Home"
              src="wendy.jpg"
            />
            <img
              class="css-1cjt916-Home"
              src="odlaw.jpg"
            />
          </div>
        </div>
      </a>
      <a
        class="css-10dzrpy-Home"
        href="#/puzzles/waldo2"
      >
        <img
          alt="waldo2"
          class="puzzle-img css-e4yxh9-Home"
          loading="lazy"
          src="waldo2.jpg"
        />
        <div
          class="css-1b3wpv8-Home"
        >
          <p>
            Level 
            2
          </p>
          <div
            class="css-bshjkg-Home"
          >
            <img
              class="css-1cjt916-Home"
              src="waldo.jpg"
            />
            <img
              class="css-1cjt916-Home"
              src="wizard.jpg"
            />
            <img
              class="css-1cjt916-Home"
              src="wendy.jpg"
            />
            <img
              class="css-1cjt916-Home"
              src="odlaw.jpg"
            />
          </div>
        </div>
      </a>
      <a
        class="css-10dzrpy-Home"
        href="#/puzzles/waldo3"
      >
        <img
          alt="waldo3"
          class="puzzle-img css-e4yxh9-Home"
          loading="lazy"
          src="waldo3.jpg"
        />
        <div
          class="css-1b3wpv8-Home"
        >
          <p>
            Level 
            3
          </p>
          <div
            class="css-bshjkg-Home"
          >
            <img
              class="css-1cjt916-Home"
              src="waldo.jpg"
            />
            <img
              class="css-1cjt916-Home"
              src="wizard.jpg"
            />
            <img
              class="css-1cjt916-Home"
              src="wendy.jpg"
            />
            <img
              class="css-1cjt916-Home"
              src="odlaw.jpg"
            />
          </div>
        </div>
      </a>
      <a
        class="css-10dzrpy-Home"
        href="#/puzzles/waldo4"
      >
        <img
          alt="waldo4"
          class="puzzle-img css-e4yxh9-Home"
          loading="lazy"
          src="waldo4.jpg"
        />
        <div
          class="css-1b3wpv8-Home"
        >
          <p>
            Level 
            4
          </p>
          <div
            class="css-bshjkg-Home"
          >
            <img
              class="css-1cjt916-Home"
              src="waldo.jpg"
            />
            <img
              class="css-1cjt916-Home"
              src="wizard.jpg"
            />
            <img
              class="css-1cjt916-Home"
              src="wendy.jpg"
            />
            <img
              class="css-1cjt916-Home"
              src="odlaw.jpg"
            />
          </div>
        </div>
      </a>
      <a
        class="css-10dzrpy-Home"
        href="#/puzzles/waldo5"
      >
        <img
          alt="waldo5"
          class="puzzle-img css-e4yxh9-Home"
          loading="lazy"
          src="waldo5.jpg"
        />
        <div
          class="css-1b3wpv8-Home"
        >
          <p>
            Level 
            5
          </p>
          <div
            class="css-bshjkg-Home"
          >
            <img
              class="css-1cjt916-Home"
              src="waldo.jpg"
            />
            <img
              class="css-1cjt916-Home"
              src="wizard.jpg"
            />
            <img
              class="css-1cjt916-Home"
              src="wendy.jpg"
            />
            <img
              class="css-1cjt916-Home"
              src="odlaw.jpg"
            />
          </div>
        </div>
      </a>
      <a
        class="css-10dzrpy-Home"
        href="#/puzzles/waldo6"
      >
        <img
          alt="waldo6"
          class="puzzle-img css-e4yxh9-Home"
          loading="lazy"
          src="waldo6.jpg"
        />
        <div
          class="css-1b3wpv8-Home"
        >
          <p>
            Level 
            6
          </p>
          <div
            class="css-bshjkg-Home"
          >
            <img
              class="css-1cjt916-Home"
              src="waldo.jpg"
            />
            <img
              class="css-1cjt916-Home"
              src="wizard.jpg"
            />
            <img
              class="css-1cjt916-Home"
              src="wendy.jpg"
            />
            <img
              class="css-1cjt916-Home"
              src="odlaw.jpg"
            />
          </div>
        </div>
      </a>
    </div>
    <div
      class="Footer"
    >
      <div
        class="made-by css-q4lvbw-Footer"
      >
        <p>
          Made by
        </p>
        <a
          class="css-1ht0kct-Footer"
          href="https://github.com/dwgrossberg"
        >
          <img
            alt="github-icon"
            class="css-18czqf1-Footer"
            id="github-icon"
            src="github.png"
          />
        </a>
        <p>
          Dan Grossberg
        </p>
      </div>
    </div>
  </div>
</div>
`;
